Archive member included because of file (symbol)

C:\Users\LouisMo\Documents\GitHub\libsmartcarcpp\libsmartcar-2013.a(string.o)
                              src\linear_ccd\linear_ccd_app.o (libutil::String::Format(char const*, ...))
C:\Users\LouisMo\Documents\GitHub\libsmartcarcpp\libsmartcar-2013.a(clock.o)
                              src\linear_ccd\linear_ccd_app.o (libutil::Clock::Init())
C:\Users\LouisMo\Documents\GitHub\libsmartcarcpp\libsmartcar-2013.a(uart_device.o)
                              src\magnetic\car.o (libsc::UartDevice::UartDevice(unsigned char, unsigned long))
C:\Users\LouisMo\Documents\GitHub\libsmartcarcpp\libsmartcar-2013.a(servo.o)
                              src\linear_ccd\car.o (libsc::Servo::Servo(unsigned char))
C:\Users\LouisMo\Documents\GitHub\libsmartcarcpp\libsmartcar-2013.a(motor.o)
                              src\linear_ccd\car.o (libsc::Motor::Motor(unsigned char))
C:\Users\LouisMo\Documents\GitHub\libsmartcarcpp\libsmartcar-2013.a(linear_ccd.o)
                              src\linear_ccd\car.o (libsc::LinearCcd::LinearCcd())
C:\Users\LouisMo\Documents\GitHub\libsmartcarcpp\libsmartcar-2013.a(led.o)
                              src\magnetic\car.o (libsc::Led::Led(unsigned char))
C:\Users\LouisMo\Documents\GitHub\libsmartcarcpp\libsmartcar-2013.a(encoder.o)
                              src\linear_ccd\car.o (libsc::Encoder::Encoder(unsigned char))
C:\Users\LouisMo\Documents\GitHub\libsmartcarcpp\libsmartcar-2013.a(bluetooth.o)
                              src\linear_ccd\car.o (libsc::Bluetooth::Bluetooth())
C:\Users\LouisMo\Documents\GitHub\libsmartcarcpp\libsmartcar-2013.a(port_isr_manager.o)
                              C:\Users\LouisMo\Documents\GitHub\libsmartcarcpp\libsmartcar-2013.a(encoder.o) (libsc::PortIsrManager::GetInstance())
C:\Users\LouisMo\Documents\GitHub\libk60base\libk60base.a(vectors.o)
                              C:\Users\LouisMo\Documents\GitHub\libsmartcarcpp\libsmartcar-2013.a(uart_device.o) (DefaultIsr)
C:\Users\LouisMo\Documents\GitHub\libk60base\libk60base.a(system_MK60DZ10.o)
                              C:\Users\LouisMo\Documents\GitHub\libsmartcarcpp\libsmartcar-2013.a(clock.o) (bus_clk_khz)
C:\Users\LouisMo\Documents\GitHub\libk60base\libk60base.a(syscall.o)
                              src\magnetic\magnetic_app.o (__g_fwrite_handler)
C:\Users\LouisMo\Documents\GitHub\libk60base\libk60base.a(startup.o)
                              (__thumb_startup)
C:\Users\LouisMo\Documents\GitHub\libk60base\libk60base.a(Cpu.o)
                              C:\Users\LouisMo\Documents\GitHub\libk60base\libk60base.a(startup.o) (__init_hardware)
C:\Users\LouisMo\Documents\GitHub\libk60base\libk60base.a(MK60_uart.o)
                              C:\Users\LouisMo\Documents\GitHub\libsmartcarcpp\libsmartcar-2013.a(uart_device.o) (uart_init)
C:\Users\LouisMo\Documents\GitHub\libk60base\libk60base.a(MK60_port.o)
                              C:\Users\LouisMo\Documents\GitHub\libsmartcarcpp\libsmartcar-2013.a(encoder.o) (port_init)
C:\Users\LouisMo\Documents\GitHub\libk60base\libk60base.a(MK60_pit.o)
                              C:\Users\LouisMo\Documents\GitHub\libsmartcarcpp\libsmartcar-2013.a(clock.o) (pit_init)
C:\Users\LouisMo\Documents\GitHub\libk60base\libk60base.a(MK60_mcg.o)
                              C:\Users\LouisMo\Documents\GitHub\libk60base\libk60base.a(system_MK60DZ10.o) (pll_init)
C:\Users\LouisMo\Documents\GitHub\libk60base\libk60base.a(MK60_gpio.o)
                              C:\Users\LouisMo\Documents\GitHub\libsmartcarcpp\libsmartcar-2013.a(motor.o) (gpio_init)
C:\Users\LouisMo\Documents\GitHub\libk60base\libk60base.a(MK60_ftm.o)
                              C:\Users\LouisMo\Documents\GitHub\libsmartcarcpp\libsmartcar-2013.a(servo.o) (FTM_PWM_init)
C:\gcc-arm-none-eabi-4_8-2013q4-20131204-win32\arm-none-eabi\lib\thumb\libstdc++_s.a(new_opv.o)
                              C:\Users\LouisMo\Documents\GitHub\libsmartcarcpp\libsmartcar-2013.a(port_isr_manager.o) (operator new[](unsigned int))
C:\gcc-arm-none-eabi-4_8-2013q4-20131204-win32\arm-none-eabi\lib\thumb\libstdc++_s.a(del_op.o)
                              C:\Users\LouisMo\Documents\GitHub\libsmartcarcpp\libsmartcar-2013.a(uart_device.o) (operator delete(void*))
C:\gcc-arm-none-eabi-4_8-2013q4-20131204-win32\arm-none-eabi\lib\thumb\libstdc++_s.a(new_op.o)
                              C:\Users\LouisMo\Documents\GitHub\libsmartcarcpp\libsmartcar-2013.a(uart_device.o) (operator new(unsigned int))
C:\gcc-arm-none-eabi-4_8-2013q4-20131204-win32\arm-none-eabi\lib\thumb\libstdc++_s.a(del_opv.o)
                              C:\Users\LouisMo\Documents\GitHub\libsmartcarcpp\libsmartcar-2013.a(port_isr_manager.o) (operator delete[](void*))
C:\gcc-arm-none-eabi-4_8-2013q4-20131204-win32\arm-none-eabi\lib\thumb\libstdc++_s.a(string-inst.o)
                              src\linear_ccd\linear_ccd_app.o (std::string::c_str() const)
[...]
Memory Configuration

Name             Origin             Length             Attributes
m_interrupts     0x00000000         0x000001e0         xr
m_text           0x00000410         0x0007fbf0         xr
m_data           0x1fff0000         0x00010000         rw
m_data_20000000  0x20000000         0x00010000         rw
m_cfmprotrom     0x00000400         0x00000010         xr
*default*        0x00000000         0xffffffff

Linker script and memory map

LOAD src\main.o
LOAD src\magnetic\magnetic_app.o
LOAD src\magnetic\car.o
LOAD src\linear_ccd\linear_ccd_app.o
LOAD src\linear_ccd\car.o
LOAD src\camera\car.o
LOAD src\camera\camera_app.o
LOAD C:\Users\LouisMo\Documents\GitHub\libsmartcarcpp\libsmartcar-2013.a
LOAD C:\Users\LouisMo\Documents\GitHub\libk60base\libk60base.a
LOAD C:\gcc-arm-none-eabi-4_8-2013q4-20131204-win32\arm-none-eabi\lib\thumb\libstdc++_s.a
LOAD C:\gcc-arm-none-eabi-4_8-2013q4-20131204-win32\arm-none-eabi\lib\thumb\libc_s.a
LOAD C:\Users\LouisMo\Documents\GitHub\libk60base\libk60base.a
LOAD C:\gcc-arm-none-eabi-4_8-2013q4-20131204-win32\lib\gcc\arm-none-eabi\4.8.3\armv7-m\libgcc.a
                0x20000000                _estack = 0x20000000
                0x20000000                __SP_INIT = _estack
                0x00000600                __heap_size = 0x600
                0x00000800                __stack_size = 0x800

.interrupts     0x00000000      0x1e0
                0x00000000                __vector_table = .
                0x00000000                . = ALIGN (0x4)
 *(.vectortable)
 .vectortable   0x00000000      0x1e0 C:\Users\LouisMo\Documents\GitHub\libk60base\libk60base.a(vectors.o)
                0x00000000                __vect_table
                0x000001e0                . = ALIGN (0x4)

.cfmprotect     0x00000400       0x10
                0x00000400                . = ALIGN (0x4)
 *(.cfmconfig)
 .cfmconfig     0x00000400       0x10 C:\Users\LouisMo\Documents\GitHub\libk60base\libk60base.a(Cpu.o)
                0x00000400                _cfm
                0x00000410                . = ALIGN (0x4)

.text           0x00000410     0x32d4
                0x00000410                . = ALIGN (0x4)
 *(.text)
 .text          0x00000410       0x24 C:\gcc-arm-none-eabi-4_8-2013q4-20131204-win32\lib\gcc\arm-none-eabi\4.8.3\armv7-m\libgcc.a(_udivsi3.o)
                0x00000410                __aeabi_uidiv
                0x00000410                __udivsi3
                0x00000424                __aeabi_uidivmod
 .text          0x00000434        0x4 C:\gcc-arm-none-eabi-4_8-2013q4-20131204-win32\lib\gcc\arm-none-eabi\4.8.3\armv7-m\libgcc.a(_dvmd_tls.o)
                0x00000434                __aeabi_idiv0
                0x00000434                __aeabi_ldiv0
 .text          0x00000438      0x21c C:\gcc-arm-none-eabi-4_8-2013q4-20131204-win32\lib\gcc\arm-none-eabi\4.8.3\armv7-m\libgcc.a(_arm_addsubsf3.o)
                0x00000438                __aeabi_frsub
                0x00000440                __subsf3
                0x00000440                __aeabi_fsub
                0x00000444                __aeabi_fadd
                0x00000444                __addsf3
                0x000005a4                __aeabi_ui2f
                0x000005a4                __floatunsisf
                0x000005ac                __aeabi_i2f
                0x000005ac                __floatsisf
                0x000005c8                __aeabi_ul2f
                0x000005c8                __floatundisf
                0x000005d8                __aeabi_l2f
                0x000005d8                __floatdisf
 .text          0x00000654      0x2a0 C:\gcc-arm-none-eabi-4_8-2013q4-20131204-win32\lib\gcc\arm-none-eabi\4.8.3\armv7-m\libgcc.a(_arm_muldivsf3.o)
                0x00000654                __mulsf3
                0x00000654                __aeabi_fmul
                0x000007bc                __aeabi_fdiv
                0x000007bc                __divsf3
 .text          0x000008f4       0x40 C:\gcc-arm-none-eabi-4_8-2013q4-20131204-win32\lib\gcc\arm-none-eabi\4.8.3\armv7-m\libgcc.a(_arm_fixunssfsi.o)
                0x000008f4                __fixunssfsi
                0x000008f4                __aeabi_f2uiz
 *(.text*)
 .text.main     0x00000934       0x2c src\main.o
                0x00000934                main
 .text._ZN5libsc10UartDevice12StartReceiveEv
                0x00000960       0x18 src\magnetic\car.o
                0x00000960                libsc::UartDevice::StartReceive()
 .text._ZN7libutil5Clock4TimeEv
                0x00000978       0x18 src\linear_ccd\linear_ccd_app.o
                0x00000978                libutil::Clock::Time()
 .text._ZN7libutil5Clock8TimeDiffEtt
                0x00000990       0x24 src\linear_ccd\linear_ccd_app.o
                0x00000990                libutil::Clock::TimeDiff(unsigned short, unsigned short)
 .text._ZN10linear_ccd3Car9SwitchLedEhb
                0x000009b4       0x2c src\linear_ccd\linear_ccd_app.o
                0x000009b4                linear_ccd::Car::SwitchLed(unsigned char, bool)
 .text._ZN10linear_ccd3Car9SampleCcdEv
                0x000009e0       0x1c src\linear_ccd\linear_ccd_app.o
                0x000009e0                linear_ccd::Car::SampleCcd()
 .text._ZN10linear_ccd3Car11UartSendStrEPKc
                0x000009fc       0x1c src\linear_ccd\linear_ccd_app.o
                0x000009fc                linear_ccd::Car::UartSendStr(char const*)
 .text._ZN10linear_ccd3Car14UartSendBufferEPKhm
                0x00000a18       0x20 src\linear_ccd\linear_ccd_app.o
                0x00000a18                linear_ccd::Car::UartSendBuffer(unsigned char const*, unsigned long)
 .text._ZN10linear_ccd3Car15GetEncoderCountEv
                0x00000a38       0x1c src\linear_ccd\linear_ccd_app.o
                0x00000a38                linear_ccd::Car::GetEncoderCount()
 .text._ZN10linear_ccd12LinearCcdApp8LedStateC2Ev
                0x00000a54       0x24 src\linear_ccd\linear_ccd_app.o
                0x00000a54                linear_ccd::LinearCcdApp::LedState::LedState()
                0x00000a54                linear_ccd::LinearCcdApp::LedState::LedState()
 .text._ZN10linear_ccd12LinearCcdApp10ServoStateC2Ev
                0x00000a78       0x1c src\linear_ccd\linear_ccd_app.o
                0x00000a78                linear_ccd::LinearCcdApp::ServoState::ServoState()
                0x00000a78                linear_ccd::LinearCcdApp::ServoState::ServoState()
 .text._ZN10linear_ccd12LinearCcdApp10SpeedStateC2Ev
                0x00000a94       0x38 src\linear_ccd\linear_ccd_app.o
                0x00000a94                linear_ccd::LinearCcdApp::SpeedState::SpeedState()
                0x00000a94                linear_ccd::LinearCcdApp::SpeedState::SpeedState()
 .text._ZN5libsc9BluetoothD2Ev
                0x00000acc       0x1c src\linear_ccd\linear_ccd_app.o
                0x00000acc                libsc::Bluetooth::~Bluetooth()
                0x00000acc                libsc::Bluetooth::~Bluetooth()
 .text._ZN10linear_ccd3CarD2Ev
                0x00000ae8       0x1c src\linear_ccd\linear_ccd_app.o
                0x00000ae8                linear_ccd::Car::~Car()
                0x00000ae8                linear_ccd::Car::~Car()
 .text._ZN10linear_ccd12LinearCcdAppC2Ev
                0x00000b04       0x48 src\linear_ccd\linear_ccd_app.o
                0x00000b04                linear_ccd::LinearCcdApp::LinearCcdApp()
                0x00000b04                linear_ccd::LinearCcdApp::LinearCcdApp()
 .text._ZN10linear_ccd12LinearCcdAppD2Ev
                0x00000b4c       0x24 src\linear_ccd\linear_ccd_app.o
                0x00000b4c                linear_ccd::LinearCcdApp::~LinearCcdApp()
                0x00000b4c                linear_ccd::LinearCcdApp::~LinearCcdApp()
 .text._ZN10linear_ccd12LinearCcdApp3RunEv
                0x00000b70       0x30 src\linear_ccd\linear_ccd_app.o
                0x00000b70                linear_ccd::LinearCcdApp::Run()
 .text._ZN10linear_ccd12LinearCcdApp7LedPassEv
                0x00000ba0       0x98 src\linear_ccd\linear_ccd_app.o
                0x00000ba0                linear_ccd::LinearCcdApp::LedPass()
 .text._ZN10linear_ccd12LinearCcdApp9ServoPassEv
                0x00000c38       0xa8 src\linear_ccd\linear_ccd_app.o
                0x00000c38                linear_ccd::LinearCcdApp::ServoPass()
 .text._ZN10linear_ccd12LinearCcdApp16SpeedControlPassEv
                0x00000ce0       0x94 src\linear_ccd\linear_ccd_app.o
                0x00000ce0                linear_ccd::LinearCcdApp::SpeedControlPass()
 .text._ZN10linear_ccd12LinearCcdApp13FwriteHandlerEiPci
                0x00000d74       0x34 src\linear_ccd\linear_ccd_app.o
                0x00000d74                linear_ccd::LinearCcdApp::FwriteHandler(int, char*, int)
 .text._ZN7libutil13PidControllerImtEC2Emfff
                0x00000da8       0x48 src\linear_ccd\linear_ccd_app.o
                0x00000da8                libutil::PidController<unsigned long, unsigned short>::PidController(unsigned long, float, float, float)
                0x00000da8                libutil::PidController<unsigned long, unsigned short>::PidController(unsigned long, float, float, float)
 .text._ZN7libutil13PidControllerImtE4CalcEtm
                0x00000df0       0xd4 src\linear_ccd\linear_ccd_app.o
                0x00000df0                libutil::PidController<unsigned long, unsigned short>::Calc(unsigned short, unsigned long)
 .text._ZN10linear_ccd3CarC2Ev
                0x00000ec4       0xa8 src\linear_ccd\car.o
                0x00000ec4                linear_ccd::Car::Car()
                0x00000ec4                linear_ccd::Car::Car()
 .text._ZN10linear_ccd3Car17SetMotorDirectionEb
                0x00000f6c       0x28 src\linear_ccd\car.o
                0x00000f6c                linear_ccd::Car::SetMotorDirection(bool)
 .text._ZN7libutil6String6FormatEPKcPSt9__va_list
                0x00000f94       0x2c C:\Users\LouisMo\Documents\GitHub\libsmartcarcpp\libsmartcar-2013.a(string.o)
                0x00000f94                libutil::String::Format(char const*, std::__va_list*)
 .text._ZN7libutil6String6FormatEPKcz
                0x00000fc0       0x30 C:\Users\LouisMo\Documents\GitHub\libsmartcarcpp\libsmartcar-2013.a(string.o)
                0x00000fc0                libutil::String::Format(char const*, ...)
 .text._ZN7libutil5Clock10IrqHandlerEv
                0x00000ff0       0x34 C:\Users\LouisMo\Documents\GitHub\libsmartcarcpp\libsmartcar-2013.a(clock.o)
                0x00000ff0                libutil::Clock::IrqHandler()
 .text._ZN7libutil5Clock4InitEv
                0x00001024       0x28 C:\Users\LouisMo\Documents\GitHub\libsmartcarcpp\libsmartcar-2013.a(clock.o)
                0x00001024                libutil::Clock::Init()
 .text._ZN5libsc10UartDevice10IrqHandlerEv
                0x0000104c       0x84 C:\Users\LouisMo\Documents\GitHub\libsmartcarcpp\libsmartcar-2013.a(uart_device.o)
                0x0000104c                libsc::UartDevice::IrqHandler()
 .text._ZN5libsc10UartDeviceC2Ehm
                0x000010d0       0x5c C:\Users\LouisMo\Documents\GitHub\libsmartcarcpp\libsmartcar-2013.a(uart_device.o)
                0x000010d0                libsc::UartDevice::UartDevice(unsigned char, unsigned long)
                0x000010d0                libsc::UartDevice::UartDevice(unsigned char, unsigned long)
 .text._ZN5libsc10UartDevice12StartReceiveEPFvcE
                0x0000112c       0x30 C:\Users\LouisMo\Documents\GitHub\libsmartcarcpp\libsmartcar-2013.a(uart_device.o)
                0x0000112c                libsc::UartDevice::StartReceive(void (*)(char))
 .text._ZN5libsc10UartDevice11StopReceiveEv
                0x0000115c       0x30 C:\Users\LouisMo\Documents\GitHub\libsmartcarcpp\libsmartcar-2013.a(uart_device.o)
                0x0000115c                libsc::UartDevice::StopReceive()
 .text._ZN5libsc10UartDeviceD2Ev
                0x0000118c       0x2c C:\Users\LouisMo\Documents\GitHub\libsmartcarcpp\libsmartcar-2013.a(uart_device.o)
                0x0000118c                libsc::UartDevice::~UartDevice()
                0x0000118c                libsc::UartDevice::~UartDevice()
 .text._ZN5libsc10UartDevice7SendStrEPKc
                0x000011b8        0x6 C:\Users\LouisMo\Documents\GitHub\libsmartcarcpp\libsmartcar-2013.a(uart_device.o)
                0x000011b8                libsc::UartDevice::SendStr(char const*)
 .text._ZN5libsc10UartDevice10SendBufferEPKhm
                0x000011be        0x6 C:\Users\LouisMo\Documents\GitHub\libsmartcarcpp\libsmartcar-2013.a(uart_device.o)
                0x000011be                libsc::UartDevice::SendBuffer(unsigned char const*, unsigned long)
 .text._ZN5libsc5ServoC2Eh
                0x000011c4       0x1c C:\Users\LouisMo\Documents\GitHub\libsmartcarcpp\libsmartcar-2013.a(servo.o)
                0x000011c4                libsc::Servo::Servo(unsigned char)
                0x000011c4                libsc::Servo::Servo(unsigned char)
 .text._ZN5libsc5Servo9SetDegreeEh
                0x000011e0       0x40 C:\Users\LouisMo\Documents\GitHub\libsmartcarcpp\libsmartcar-2013.a(servo.o)
                0x000011e0                libsc::Servo::SetDegree(unsigned char)
 .text._ZN5libsc5MotorC2Eh
                0x00001220       0x34 C:\Users\LouisMo\Documents\GitHub\libsmartcarcpp\libsmartcar-2013.a(motor.o)
                0x00001220                libsc::Motor::Motor(unsigned char)
                0x00001220                libsc::Motor::Motor(unsigned char)
 .text._ZN5libsc5Motor8SetPowerEt
                0x00001254       0x28 C:\Users\LouisMo\Documents\GitHub\libsmartcarcpp\libsmartcar-2013.a(motor.o)
                0x00001254                libsc::Motor::SetPower(unsigned short)
 .text._ZN5libsc5Motor12SetClockwiseEb
                0x0000127c       0x1e C:\Users\LouisMo\Documents\GitHub\libsmartcarcpp\libsmartcar-2013.a(motor.o)
                0x0000127c                libsc::Motor::SetClockwise(bool)
 .text._ZN5libsc9LinearCcdC2Ev
                0x0000129a       0x2c C:\Users\LouisMo\Documents\GitHub\libsmartcarcpp\libsmartcar-2013.a(linear_ccd.o)
                0x0000129a                libsc::LinearCcd::LinearCcd()
                0x0000129a                libsc::LinearCcd::LinearCcd()
 .text._ZN5libsc9LinearCcd10SampleDataEv
                0x000012c6       0x4e C:\Users\LouisMo\Documents\GitHub\libsmartcarcpp\libsmartcar-2013.a(linear_ccd.o)
                0x000012c6                libsc::LinearCcd::SampleData()
 .text._ZN5libsc3LedC2Eh
                0x00001314       0x18 C:\Users\LouisMo\Documents\GitHub\libsmartcarcpp\libsmartcar-2013.a(led.o)
                0x00001314                libsc::Led::Led(unsigned char)
                0x00001314                libsc::Led::Led(unsigned char)
 .text._ZN5libsc3Led9SetEnableEb
                0x0000132c        0xe C:\Users\LouisMo\Documents\GitHub\libsmartcarcpp\libsmartcar-2013.a(led.o)
                0x0000132c                libsc::Led::SetEnable(bool)
 *fill*         0x0000133a        0x2 
 .text._ZN5libsc12_GLOBAL__N_110IsrHandlerEv
                0x0000133c       0x20 C:\Users\LouisMo\Documents\GitHub\libsmartcarcpp\libsmartcar-2013.a(encoder.o)
 .text._ZN5libsc7EncoderC2Eh
                0x0000135c       0x44 C:\Users\LouisMo\Documents\GitHub\libsmartcarcpp\libsmartcar-2013.a(encoder.o)
                0x0000135c                libsc::Encoder::Encoder(unsigned char)
                0x0000135c                libsc::Encoder::Encoder(unsigned char)
 .text._ZN5libsc7Encoder8GetCountEv
                0x000013a0        0xc C:\Users\LouisMo\Documents\GitHub\libsmartcarcpp\libsmartcar-2013.a(encoder.o)
                0x000013a0                libsc::Encoder::GetCount()
 .text._ZN5libsc9BluetoothC2Ev
                0x000013ac       0x12 C:\Users\LouisMo\Documents\GitHub\libsmartcarcpp\libsmartcar-2013.a(bluetooth.o)
                0x000013ac                libsc::Bluetooth::Bluetooth()
                0x000013ac                libsc::Bluetooth::Bluetooth()
 .text._ZN5libsc14PortIsrManagerC2Ev
                0x000013be        0xe C:\Users\LouisMo\Documents\GitHub\libsmartcarcpp\libsmartcar-2013.a(port_isr_manager.o)
                0x000013be                libsc::PortIsrManager::PortIsrManager()
                0x000013be                libsc::PortIsrManager::PortIsrManager()
 .text._ZN5libsc14PortIsrManager11GetInstanceEv
                0x000013cc       0x20 C:\Users\LouisMo\Documents\GitHub\libsmartcarcpp\libsmartcar-2013.a(port_isr_manager.o)
                0x000013cc                libsc::PortIsrManager::GetInstance()
 .text._ZN5libsc14PortIsrManager10IsrHandlerIL5PTX_e4EEEvv
                0x000013ec       0x48 C:\Users\LouisMo\Documents\GitHub\libsmartcarcpp\libsmartcar-2013.a(port_isr_manager.o)
                0x000013ec                void libsc::PortIsrManager::IsrHandler<(PTX_e)4>()
 .text._ZN5libsc14PortIsrManager10IsrHandlerIL5PTX_e3EEEvv
                0x00001434       0x48 C:\Users\LouisMo\Documents\GitHub\libsmartcarcpp\libsmartcar-2013.a(port_isr_manager.o)
                0x00001434                void libsc::PortIsrManager::IsrHandler<(PTX_e)3>()
 .text._ZN5libsc14PortIsrManager10IsrHandlerIL5PTX_e2EEEvv
                0x0000147c       0x48 C:\Users\LouisMo\Documents\GitHub\libsmartcarcpp\libsmartcar-2013.a(port_isr_manager.o)
                0x0000147c                void libsc::PortIsrManager::IsrHandler<(PTX_e)2>()
 .text._ZN5libsc14PortIsrManager10IsrHandlerIL5PTX_e1EEEvv
                0x000014c4       0x48 C:\Users\LouisMo\Documents\GitHub\libsmartcarcpp\libsmartcar-2013.a(port_isr_manager.o)
                0x000014c4                void libsc::PortIsrManager::IsrHandler<(PTX_e)1>()
 .text._ZN5libsc14PortIsrManager10IsrHandlerIL5PTX_e0EEEvv
                0x0000150c       0x48 C:\Users\LouisMo\Documents\GitHub\libsmartcarcpp\libsmartcar-2013.a(port_isr_manager.o)
                0x0000150c                void libsc::PortIsrManager::IsrHandler<(PTX_e)0>()
 .text._ZN5libsc14PortIsrManager8InitPortE5PTX_e
                0x00001554       0x78 C:\Users\LouisMo\Documents\GitHub\libsmartcarcpp\libsmartcar-2013.a(port_isr_manager.o)
                0x00001554                libsc::PortIsrManager::InitPort(PTX_e)
 .text._ZN5libsc14PortIsrManager13AddIsrHandlerE5PTX_e5PTn_ePFvvE
                0x000015cc       0x1e C:\Users\LouisMo\Documents\GitHub\libsmartcarcpp\libsmartcar-2013.a(port_isr_manager.o)
                0x000015cc                libsc::PortIsrManager::AddIsrHandler(PTX_e, PTn_e, void (*)())
 .text.HardFaultHandlerAsm
                0x000015ea       0x1a C:\Users\LouisMo\Documents\GitHub\libk60base\libk60base.a(vectors.o)
                0x000015ea                HardFaultHandlerAsm
 .text.DefaultIsr
                0x00001604       0x24 C:\Users\LouisMo\Documents\GitHub\libk60base\libk60base.a(vectors.o)
                0x00001604                DefaultIsr
 .text.InitVectorTable
                0x00001628       0x24 C:\Users\LouisMo\Documents\GitHub\libk60base\libk60base.a(vectors.o)
                0x00001628                InitVectorTable
 .text.SetIsr   0x0000164c        0xc C:\Users\LouisMo\Documents\GitHub\libk60base\libk60base.a(vectors.o)
                0x0000164c                SetIsr
 .text.EnableIsr
                0x00001658       0x20 C:\Users\LouisMo\Documents\GitHub\libk60base\libk60base.a(vectors.o)
                0x00001658                EnableIsr
 .text.HardFaultHandlerC
                0x00001678       0x64 C:\Users\LouisMo\Documents\GitHub\libk60base\libk60base.a(vectors.o)
                0x00001678                HardFaultHandlerC
 .text.__init_user
                0x000016dc       0x40 C:\Users\LouisMo\Documents\GitHub\libk60base\libk60base.a(system_MK60DZ10.o)
                0x000016dc                __init_user
 .text._exit    0x0000171c        0x2 C:\Users\LouisMo\Documents\GitHub\libk60base\libk60base.a(syscall.o)
                0x0000171c                _exit
 .text._fstat   0x0000171e        0xa C:\Users\LouisMo\Documents\GitHub\libk60base\libk60base.a(syscall.o)
                0x0000171e                _fstat
 .text._isatty  0x00001728        0x4 C:\Users\LouisMo\Documents\GitHub\libk60base\libk60base.a(syscall.o)
                0x00001728                _isatty
 .text._lseek   0x0000172c        0x4 C:\Users\LouisMo\Documents\GitHub\libk60base\libk60base.a(syscall.o)
                0x0000172c                _lseek
 .text._read    0x00001730        0x4 C:\Users\LouisMo\Documents\GitHub\libk60base\libk60base.a(syscall.o)
                0x00001730                _read
 .text._write   0x00001734       0x14 C:\Users\LouisMo\Documents\GitHub\libk60base\libk60base.a(syscall.o)
                0x00001734                _write
 .text._close   0x00001748        0x6 C:\Users\LouisMo\Documents\GitHub\libk60base\libk60base.a(syscall.o)
                0x00001748                _close
 *fill*         0x0000174e        0x2 
 .text._sbrk    0x00001750       0x1c C:\Users\LouisMo\Documents\GitHub\libk60base\libk60base.a(syscall.o)
                0x00001750                _sbrk
 .text._getpid  0x0000176c        0x4 C:\Users\LouisMo\Documents\GitHub\libk60base\libk60base.a(syscall.o)
                0x0000176c                _getpid
 .text._kill    0x00001770       0x10 C:\Users\LouisMo\Documents\GitHub\libk60base\libk60base.a(syscall.o)
                0x00001770                _kill
 .text.__copy_rom_section
                0x00001780       0x42 C:\Users\LouisMo\Documents\GitHub\libk60base\libk60base.a(startup.o)
                0x00001780                __copy_rom_section
 *fill*         0x000017c2        0x2 
 .text.unlikely.__copy_rom_sections_to_ram.part.1
                0x000017c4       0x2c C:\Users\LouisMo\Documents\GitHub\libk60base\libk60base.a(startup.o)
 .text.__init_registers
                0x000017f0        0x2 C:\Users\LouisMo\Documents\GitHub\libk60base\libk60base.a(startup.o)
                0x000017f0                __init_registers
 *fill*         0x000017f2        0x2 
 .text.__thumb_startup
                0x000017f4       0x88 C:\Users\LouisMo\Documents\GitHub\libk60base\libk60base.a(startup.o)
                0x000017f4                __thumb_startup
 .text.__init_hardware
                0x0000187c       0x1c C:\Users\LouisMo\Documents\GitHub\libk60base\libk60base.a(Cpu.o)
                0x0000187c                __init_hardware
 .text.uart_init
                0x00001898      0x140 C:\Users\LouisMo\Documents\GitHub\libk60base\libk60base.a(MK60_uart.o)
                0x00001898                uart_init
 .text.uart_querychar
                0x000019d8       0x24 C:\Users\LouisMo\Documents\GitHub\libk60base\libk60base.a(MK60_uart.o)
                0x000019d8                uart_querychar
 .text.uart_putchar
                0x000019fc       0x14 C:\Users\LouisMo\Documents\GitHub\libk60base\libk60base.a(MK60_uart.o)
                0x000019fc                uart_putchar
 .text.uart_putbuff
                0x00001a10       0x1a C:\Users\LouisMo\Documents\GitHub\libk60base\libk60base.a(MK60_uart.o)
                0x00001a10                uart_putbuff
 .text.uart_putstr
                0x00001a2a       0x16 C:\Users\LouisMo\Documents\GitHub\libk60base\libk60base.a(MK60_uart.o)
                0x00001a2a                uart_putstr
 .text.uart_rx_irq_en
                0x00001a40       0x34 C:\Users\LouisMo\Documents\GitHub\libk60base\libk60base.a(MK60_uart.o)
                0x00001a40                uart_rx_irq_en
 .text.uart_rx_irq_dis
                0x00001a74       0x3c C:\Users\LouisMo\Documents\GitHub\libk60base\libk60base.a(MK60_uart.o)
                0x00001a74                uart_rx_irq_dis
 .text.port_init
                0x00001ab0       0x30 C:\Users\LouisMo\Documents\GitHub\libk60base\libk60base.a(MK60_port.o)
                0x00001ab0                port_init
 .text.pit_init
                0x00001ae0       0x4c C:\Users\LouisMo\Documents\GitHub\libk60base\libk60base.a(MK60_pit.o)
                0x00001ae0                pit_init
 .text.mcg_div_count
                0x00001b2c      0x138 C:\Users\LouisMo\Documents\GitHub\libk60base\libk60base.a(MK60_mcg.o)
                0x00001b2c                mcg_div_count
 .text.pll_init
                0x00001c64       0x98 C:\Users\LouisMo\Documents\GitHub\libk60base\libk60base.a(MK60_mcg.o)
                0x00001c64                pll_init
 .text.gpio_init
                0x00001cfc       0x48 C:\Users\LouisMo\Documents\GitHub\libk60base\libk60base.a(MK60_gpio.o)
                0x00001cfc                gpio_init
 .text.gpio_ddr
                0x00001d44       0x2c C:\Users\LouisMo\Documents\GitHub\libk60base\libk60base.a(MK60_gpio.o)
                0x00001d44                gpio_ddr
 .text.gpio_set
                0x00001d70       0x2c C:\Users\LouisMo\Documents\GitHub\libk60base\libk60base.a(MK60_gpio.o)
                0x00001d70                gpio_set
 .text.gpio_get
                0x00001d9c       0x1c C:\Users\LouisMo\Documents\GitHub\libk60base\libk60base.a(MK60_gpio.o)
                0x00001d9c                gpio_get
 .text.FTM_PWM_init
                0x00001db8      0x11c C:\Users\LouisMo\Documents\GitHub\libk60base\libk60base.a(MK60_ftm.o)
                0x00001db8                FTM_PWM_init
 .text.FTM_PWM_Duty
                0x00001ed4       0x34 C:\Users\LouisMo\Documents\GitHub\libk60base\libk60base.a(MK60_ftm.o)
                0x00001ed4                FTM_PWM_Duty
 .text._Znaj    0x00001f08        0xc C:\gcc-arm-none-eabi-4_8-2013q4-20131204-win32\arm-none-eabi\lib\thumb\libstdc++_s.a(new_opv.o)
                0x00001f08                operator new[](unsigned int)
 .text._ZdlPv   0x00001f14       0x10 C:\gcc-arm-none-eabi-4_8-2013q4-20131204-win32\arm-none-eabi\lib\thumb\libstdc++_s.a(del_op.o)
                0x00001f14                operator delete(void*)
 .text._Znwj    0x00001f24       0x34 C:\gcc-arm-none-eabi-4_8-2013q4-20131204-win32\arm-none-eabi\lib\thumb\libstdc++_s.a(new_op.o)
                0x00001f24                operator new(unsigned int)
 .text._ZNSs7_M_copyEPcPKcj
                0x00001f58       0x16 C:\gcc-arm-none-eabi-4_8-2013q4-20131204-win32\arm-none-eabi\lib\thumb\libstdc++_s.a(string-inst.o)
                0x00001f58                std::string::_M_copy(char*, char const*, unsigned int)
 .text._ZNSs13_S_copy_charsEPcPKcS1_
                0x00001f6e        0xe C:\gcc-arm-none-eabi-4_8-2013q4-20131204-win32\arm-none-eabi\lib\thumb\libstdc++_s.a(string-inst.o)
                0x00001f6e                std::string::_S_copy_chars(char*, char const*, char const*)
 .text._ZNKSs5c_strEv
                0x00001f7c        0x4 C:\gcc-arm-none-eabi-4_8-2013q4-20131204-win32\arm-none-eabi\lib\thumb\libstdc++_s.a(string-inst.o)
                0x00001f7c                std::string::c_str() const
 .text._ZNSs4_Rep26_M_set_length_and_sharableEj
                0x00001f80       0x18 C:\gcc-arm-none-eabi-4_8-2013q4-20131204-win32\arm-none-eabi\lib\thumb\libstdc++_s.a(string-inst.o)
                0x00001f80                std::string::_Rep::_M_set_length_and_sharable(unsigned int)
 .text._ZNSs4_Rep9_S_createEjjRKSaIcE
                0x00001f98       0x60 C:\gcc-arm-none-eabi-4_8-2013q4-20131204-win32\arm-none-eabi\lib\thumb\libstdc++_s.a(string-inst.o)
                0x00001f98                std::string::_Rep::_S_create(unsigned int, unsigned int, std::allocator<char> const&)
 .text._ZNSs4_Rep10_M_destroyERKSaIcE
                0x00001ff8        0xc C:\gcc-arm-none-eabi-4_8-2013q4-20131204-win32\arm-none-eabi\lib\thumb\libstdc++_s.a(string-inst.o)
                0x00001ff8                std::string::_Rep::_M_destroy(std::allocator<char> const&)
 .text._ZNSs4_Rep10_M_disposeERKSaIcE
                0x00002004       0x20 C:\gcc-arm-none-eabi-4_8-2013q4-20131204-win32\arm-none-eabi\lib\thumb\libstdc++_s.a(string-inst.o)
                0x00002004                std::string::_Rep::_M_dispose(std::allocator<char> const&)
 .text._ZNSsD2Ev
                0x00002024       0x16 C:\gcc-arm-none-eabi-4_8-2013q4-20131204-win32\arm-none-eabi\lib\thumb\libstdc++_s.a(string-inst.o)
                0x00002024                std::basic_string<char, std::char_traits<char>, std::allocator<char> >::~basic_string()
                0x00002024                std::basic_string<char, std::char_traits<char>, std::allocator<char> >::~basic_string()
 *fill*         0x0000203a        0x2 
 .text._ZNSs4_Rep10_M_refcopyEv
                0x0000203c       0x14 C:\gcc-arm-none-eabi-4_8-2013q4-20131204-win32\arm-none-eabi\lib\thumb\libstdc++_s.a(string-inst.o)
                0x0000203c                std::string::_Rep::_M_refcopy()
 .text._ZNSs4_Rep8_M_cloneERKSaIcEj
                0x00002050       0x38 C:\gcc-arm-none-eabi-4_8-2013q4-20131204-win32\arm-none-eabi\lib\thumb\libstdc++_s.a(string-inst.o)
                0x00002050                std::string::_Rep::_M_clone(std::allocator<char> const&, unsigned int)
 .text._ZNSs4_Rep7_M_grabERKSaIcES2_
                0x00002088       0x1a C:\gcc-arm-none-eabi-4_8-2013q4-20131204-win32\arm-none-eabi\lib\thumb\libstdc++_s.a(string-inst.o)
                0x00002088                std::string::_Rep::_M_grab(std::allocator<char> const&, std::allocator<char> const&)
 .text._ZNSsC2ERKSs
                0x000020a2       0x1a C:\gcc-arm-none-eabi-4_8-2013q4-20131204-win32\arm-none-eabi\lib\thumb\libstdc++_s.a(string-inst.o)
                0x000020a2                std::basic_string<char, std::char_traits<char>, std::allocator<char> >::basic_string(std::string const&)
                0x000020a2                std::basic_string<char, std::char_traits<char>, std::allocator<char> >::basic_string(std::string const&)
 .text._ZNSs12_S_constructIPKcEEPcT_S3_RKSaIcESt20forward_iterator_tag
                0x000020bc       0x50 C:\gcc-arm-none-eabi-4_8-2013q4-20131204-win32\arm-none-eabi\lib\thumb\libstdc++_s.a(string-inst.o)
                0x000020bc                char* std::string::_S_construct<char const*>(char const*, char const*, std::allocator<char> const&, std::forward_iterator_tag)
 .text._ZNSsC2EPKcRKSaIcE
                0x0000210c       0x2e C:\gcc-arm-none-eabi-4_8-2013q4-20131204-win32\arm-none-eabi\lib\thumb\libstdc++_s.a(string-inst.o)
                0x0000210c                std::basic_string<char, std::char_traits<char>, std::allocator<char> >::basic_string(char const*, std::allocator<char> const&)
                0x0000210c                std::basic_string<char, std::char_traits<char>, std::allocator<char> >::basic_string(char const*, std::allocator<char> const&)
 .text._ZSt19__throw_logic_errorPKc
                0x0000213a        0x6 C:\gcc-arm-none-eabi-4_8-2013q4-20131204-win32\arm-none-eabi\lib\thumb\libstdc++_s.a(functexcept.o)
                0x0000213a                std::__throw_logic_error(char const*)
 .text._ZSt20__throw_length_errorPKc
                0x00002140        0x6 C:\gcc-arm-none-eabi-4_8-2013q4-20131204-win32\arm-none-eabi\lib\thumb\libstdc++_s.a(functexcept.o)
                0x00002140                std::__throw_length_error(char const*)
 .text.abort    0x00002146        0xe C:\gcc-arm-none-eabi-4_8-2013q4-20131204-win32\arm-none-eabi\lib\thumb\libc_s.a(lib_a-abort.o)
                0x00002146                abort
 .text.malloc   0x00002154       0x18 C:\gcc-arm-none-eabi-4_8-2013q4-20131204-win32\arm-none-eabi\lib\thumb\libc_s.a(lib_a-malloc.o)
                0x00002154                malloc
 .text.free     0x0000216c       0x18 C:\gcc-arm-none-eabi-4_8-2013q4-20131204-win32\arm-none-eabi\lib\thumb\libc_s.a(lib_a-malloc.o)
                0x0000216c                free
 .text.memchr   0x00002184       0x18 C:\gcc-arm-none-eabi-4_8-2013q4-20131204-win32\arm-none-eabi\lib\thumb\libc_s.a(lib_a-memchr-stub.o)
                0x00002184                memchr
 .text.memcpy   0x0000219c       0x16 C:\gcc-arm-none-eabi-4_8-2013q4-20131204-win32\arm-none-eabi\lib\thumb\libc_s.a(lib_a-memcpy-stub.o)
                0x0000219c                memcpy
 .text.memmove  0x000021b2       0x36 C:\gcc-arm-none-eabi-4_8-2013q4-20131204-win32\arm-none-eabi\lib\thumb\libc_s.a(lib_a-memmove.o)
                0x000021b2                memmove
 .text.memset   0x000021e8       0x10 C:\gcc-arm-none-eabi-4_8-2013q4-20131204-win32\arm-none-eabi\lib\thumb\libc_s.a(lib_a-memset.o)
                0x000021e8                memset
 .text._free_r  0x000021f8       0x94 C:\gcc-arm-none-eabi-4_8-2013q4-20131204-win32\arm-none-eabi\lib\thumb\libc_s.a(lib_a-nano-freer.o)
                0x000021f8                _free_r
 .text._malloc_r
                0x0000228c       0xac C:\gcc-arm-none-eabi-4_8-2013q4-20131204-win32\arm-none-eabi\lib\thumb\libc_s.a(lib_a-nano-mallocr.o)
                0x0000228c                _malloc_r
 .text.printf   0x00002338       0x34 C:\gcc-arm-none-eabi-4_8-2013q4-20131204-win32\arm-none-eabi\lib\thumb\libc_s.a(lib_a-printf.o)
                0x00002338                iprintf
                0x00002338                printf
 .text._sbrk_r  0x0000236c       0x28 C:\gcc-arm-none-eabi-4_8-2013q4-20131204-win32\arm-none-eabi\lib\thumb\libc_s.a(lib_a-sbrkr.o)
                0x0000236c                _sbrk_r
 .text._raise_r
                0x00002394       0x5e C:\gcc-arm-none-eabi-4_8-2013q4-20131204-win32\arm-none-eabi\lib\thumb\libc_s.a(lib_a-signal.o)
                0x00002394                _raise_r
 *fill*         0x000023f2        0x2 
 .text.raise    0x000023f4       0x18 C:\gcc-arm-none-eabi-4_8-2013q4-20131204-win32\arm-none-eabi\lib\thumb\libc_s.a(lib_a-signal.o)
                0x000023f4                raise
 .text._kill_r  0x0000240c       0x28 C:\gcc-arm-none-eabi-4_8-2013q4-20131204-win32\arm-none-eabi\lib\thumb\libc_s.a(lib_a-signalr.o)
                0x0000240c                _kill_r
 .text._getpid_r
                0x00002434        0xc C:\gcc-arm-none-eabi-4_8-2013q4-20131204-win32\arm-none-eabi\lib\thumb\libc_s.a(lib_a-signalr.o)
                0x00002434                _getpid_r
 .text.strlen   0x00002440        0xe C:\gcc-arm-none-eabi-4_8-2013q4-20131204-win32\arm-none-eabi\lib\thumb\libc_s.a(lib_a-strlen.o)
                0x00002440                strlen
 .text.__sfputc_r
                0x0000244e       0x32 C:\gcc-arm-none-eabi-4_8-2013q4-20131204-win32\arm-none-eabi\lib\thumb\libc_s.a(lib_a-vfprintf.o)
 .text.__sfputs_r
                0x00002480       0x28 C:\gcc-arm-none-eabi-4_8-2013q4-20131204-win32\arm-none-eabi\lib\thumb\libc_s.a(lib_a-vfprintf.o)
                0x00002480                __sfputs_r
 .text._vfprintf_r
                0x000024a8      0x214 C:\gcc-arm-none-eabi-4_8-2013q4-20131204-win32\arm-none-eabi\lib\thumb\libc_s.a(lib_a-vfprintf.o)
                0x000024a8                _vfprintf_r
                0x000024a8                _vfiprintf_r
 .text._printf_common
                0x000026bc       0xf4 C:\gcc-arm-none-eabi-4_8-2013q4-20131204-win32\arm-none-eabi\lib\thumb\libc_s.a(lib_a-vfprintf_i.o)
                0x000026bc                _printf_common
 .text._printf_i
                0x000027b0      0x238 C:\gcc-arm-none-eabi-4_8-2013q4-20131204-win32\arm-none-eabi\lib\thumb\libc_s.a(lib_a-vfprintf_i.o)
                0x000027b0                _printf_i
 .text._vsnprintf_r
                0x000029e8       0x58 C:\gcc-arm-none-eabi-4_8-2013q4-20131204-win32\arm-none-eabi\lib\thumb\libc_s.a(lib_a-vsnprintf.o)
                0x000029e8                _vsniprintf_r
                0x000029e8                _vsnprintf_r
 .text.vsnprintf
                0x00002a40       0x24 C:\gcc-arm-none-eabi-4_8-2013q4-20131204-win32\arm-none-eabi\lib\thumb\libc_s.a(lib_a-vsnprintf.o)
                0x00002a40                vsniprintf
                0x00002a40                vsnprintf
 .text.__swbuf_r
                0x00002a64       0xb4 C:\gcc-arm-none-eabi-4_8-2013q4-20131204-win32\arm-none-eabi\lib\thumb\libc_s.a(lib_a-wbuf.o)
                0x00002a64                __swbuf_r
 .text.__swsetup_r
                0x00002b18       0xe8 C:\gcc-arm-none-eabi-4_8-2013q4-20131204-win32\arm-none-eabi\lib\thumb\libc_s.a(lib_a-wsetup.o)
                0x00002b18                __swsetup_r
 .text.__sflush_r
                0x00002c00      0x11e C:\gcc-arm-none-eabi-4_8-2013q4-20131204-win32\arm-none-eabi\lib\thumb\libc_s.a(lib_a-fflush.o)
                0x00002c00                __sflush_r
 *fill*         0x00002d1e        0x2 
 .text._fflush_r
                0x00002d20       0x5c C:\gcc-arm-none-eabi-4_8-2013q4-20131204-win32\arm-none-eabi\lib\thumb\libc_s.a(lib_a-fflush.o)
                0x00002d20                _fflush_r
 .text._cleanup_r
                0x00002d7c       0x38 C:\gcc-arm-none-eabi-4_8-2013q4-20131204-win32\arm-none-eabi\lib\thumb\libc_s.a(lib_a-findfp.o)
                0x00002d7c                _cleanup_r
 .text.std.isra.0
                0x00002db4       0x4c C:\gcc-arm-none-eabi-4_8-2013q4-20131204-win32\arm-none-eabi\lib\thumb\libc_s.a(lib_a-findfp.o)
 .text.__sfmoreglue
                0x00002e00       0x30 C:\gcc-arm-none-eabi-4_8-2013q4-20131204-win32\arm-none-eabi\lib\thumb\libc_s.a(lib_a-findfp.o)
                0x00002e00                __sfmoreglue
 .text.__sinit  0x00002e30       0x68 C:\gcc-arm-none-eabi-4_8-2013q4-20131204-win32\arm-none-eabi\lib\thumb\libc_s.a(lib_a-findfp.o)
                0x00002e30                __sinit
 .text.__sfp    0x00002e98       0x80 C:\gcc-arm-none-eabi-4_8-2013q4-20131204-win32\arm-none-eabi\lib\thumb\libc_s.a(lib_a-findfp.o)
                0x00002e98                __sfp
 .text.__smakebuf_r
                0x00002f18       0xa4 C:\gcc-arm-none-eabi-4_8-2013q4-20131204-win32\arm-none-eabi\lib\thumb\libc_s.a(lib_a-makebuf.o)
                0x00002f18                __smakebuf_r
 .text._realloc_r
                0x00002fbc       0x50 C:\gcc-arm-none-eabi-4_8-2013q4-20131204-win32\arm-none-eabi\lib\thumb\libc_s.a(lib_a-nano-reallocr.o)
                0x00002fbc                _realloc_r
 .text.__sread  0x0000300c       0x2c C:\gcc-arm-none-eabi-4_8-2013q4-20131204-win32\arm-none-eabi\lib\thumb\libc_s.a(lib_a-stdio.o)
                0x0000300c                __sread
 .text.__swrite
                0x00003038       0x3c C:\gcc-arm-none-eabi-4_8-2013q4-20131204-win32\arm-none-eabi\lib\thumb\libc_s.a(lib_a-stdio.o)
                0x00003038                __swrite
 .text.__sseek  0x00003074       0x30 C:\gcc-arm-none-eabi-4_8-2013q4-20131204-win32\arm-none-eabi\lib\thumb\libc_s.a(lib_a-stdio.o)
                0x00003074                __sseek
 .text.__sclose
                0x000030a4       0x10 C:\gcc-arm-none-eabi-4_8-2013q4-20131204-win32\arm-none-eabi\lib\thumb\libc_s.a(lib_a-stdio.o)
                0x000030a4                __sclose
 .text.__ssputs_r
                0x000030b4       0xc4 C:\gcc-arm-none-eabi-4_8-2013q4-20131204-win32\arm-none-eabi\lib\thumb\libc_s.a(lib_a-svfprintf.o)
                0x000030b4                __ssputs_r
 .text._svfprintf_r
                0x00003178      0x1e4 C:\gcc-arm-none-eabi-4_8-2013q4-20131204-win32\arm-none-eabi\lib\thumb\libc_s.a(lib_a-svfprintf.o)
                0x00003178                _svfiprintf_r
                0x00003178                _svfprintf_r
 .text._write_r
                0x0000335c       0x2c C:\gcc-arm-none-eabi-4_8-2013q4-20131204-win32\arm-none-eabi\lib\thumb\libc_s.a(lib_a-writer.o)
                0x0000335c                _write_r
 .text._close_r
                0x00003388       0x28 C:\gcc-arm-none-eabi-4_8-2013q4-20131204-win32\arm-none-eabi\lib\thumb\libc_s.a(lib_a-closer.o)
                0x00003388                _close_r
 .text._fstat_r
                0x000033b0       0x28 C:\gcc-arm-none-eabi-4_8-2013q4-20131204-win32\arm-none-eabi\lib\thumb\libc_s.a(lib_a-fstatr.o)
                0x000033b0                _fstat_r
 .text._isatty_r
                0x000033d8       0x28 C:\gcc-arm-none-eabi-4_8-2013q4-20131204-win32\arm-none-eabi\lib\thumb\libc_s.a(lib_a-isattyr.o)
                0x000033d8                _isatty_r
 .text._lseek_r
                0x00003400       0x2c C:\gcc-arm-none-eabi-4_8-2013q4-20131204-win32\arm-none-eabi\lib\thumb\libc_s.a(lib_a-lseekr.o)
                0x00003400                _lseek_r
 .text._malloc_usable_size_r
                0x0000342c       0x12 C:\gcc-arm-none-eabi-4_8-2013q4-20131204-win32\arm-none-eabi\lib\thumb\libc_s.a(lib_a-nano-msizer.o)
                0x0000342c                _malloc_usable_size_r
 *fill*         0x0000343e        0x2 
 .text._read_r  0x00003440       0x2c C:\gcc-arm-none-eabi-4_8-2013q4-20131204-win32\arm-none-eabi\lib\thumb\libc_s.a(lib_a-readr.o)
                0x00003440                _read_r
 *(.rodata)
 .rodata        0x0000346c        0x4 src\linear_ccd\linear_ccd_app.o
 *(.rodata*)
 .rodata.str1.1
                0x00003470       0x3a C:\Users\LouisMo\Documents\GitHub\libsmartcarcpp\libsmartcar-2013.a(uart_device.o)
 .rodata.str1.1
                0x000034aa       0x2a C:\Users\LouisMo\Documents\GitHub\libsmartcarcpp\libsmartcar-2013.a(encoder.o)
 .rodata.str1.1
                0x000034d4       0x2e C:\Users\LouisMo\Documents\GitHub\libk60base\libk60base.a(vectors.o)
 .rodata.str1.1
                0x00003502      0x147 C:\gcc-arm-none-eabi-4_8-2013q4-20131204-win32\arm-none-eabi\lib\thumb\libstdc++_s.a(string-inst.o)
 .rodata.str1.1
                0x00003649       0x11 C:\gcc-arm-none-eabi-4_8-2013q4-20131204-win32\arm-none-eabi\lib\thumb\libc_s.a(lib_a-vfprintf.o)
 .rodata.str1.1
                0x0000365a       0x22 C:\gcc-arm-none-eabi-4_8-2013q4-20131204-win32\arm-none-eabi\lib\thumb\libc_s.a(lib_a-vfprintf_i.o)
 .rodata.__sf_fake_stdin
                0x0000367c       0x20 C:\gcc-arm-none-eabi-4_8-2013q4-20131204-win32\arm-none-eabi\lib\thumb\libc_s.a(lib_a-findfp.o)
                0x0000367c                __sf_fake_stdin
 .rodata.__sf_fake_stdout
                0x0000369c       0x20 C:\gcc-arm-none-eabi-4_8-2013q4-20131204-win32\arm-none-eabi\lib\thumb\libc_s.a(lib_a-findfp.o)
                0x0000369c                __sf_fake_stdout
 .rodata.__sf_fake_stderr
                0x000036bc       0x20 C:\gcc-arm-none-eabi-4_8-2013q4-20131204-win32\arm-none-eabi\lib\thumb\libc_s.a(lib_a-findfp.o)
                0x000036bc                __sf_fake_stderr
 .rodata.str1.1
                0x000036dc        0x2 C:\gcc-arm-none-eabi-4_8-2013q4-20131204-win32\arm-none-eabi\lib\thumb\libc_s.a(lib_a-impure.o)
 *fill*         0x000036de        0x2 
 .rodata._global_impure_ptr
                0x000036e0        0x4 C:\gcc-arm-none-eabi-4_8-2013q4-20131204-win32\arm-none-eabi\lib\thumb\libc_s.a(lib_a-impure.o)
                0x000036e0                _global_impure_ptr
 .rodata.str1.1
                0x00000000       0x11 C:\gcc-arm-none-eabi-4_8-2013q4-20131204-win32\arm-none-eabi\lib\thumb\libc_s.a(lib_a-svfprintf.o)
 *(.glue_7)
 .glue_7        0x00000000        0x0 linker stubs
 *(.glue_7t)
 .glue_7t       0x00000000        0x0 linker stubs
 *(.eh_frame)
 *(.init)
 *(.fini)
                0x000036e4                . = ALIGN (0x4)
                0x000036e4                _etext = .

.vfp11_veneer   0x000036e4        0x0
 .vfp11_veneer  0x00000000        0x0 linker stubs

.v4_bx          0x000036e4        0x0
 .v4_bx         0x00000000        0x0 linker stubs

.iplt           0x000036e4        0x0
 .iplt          0x00000000        0x0 src\main.o

.ARM.extab
 *(.ARM.extab* .gnu.linkonce.armextab.*)

.ARM            0x000036e4        0x0
                0x000036e4                __exidx_start = .
 *(.ARM.exidx*)
                0x000036e4                __exidx_end = .

.ctors          0x000036e4        0x0
                0x000036e4                __CTOR_LIST__ = .
 *crtbegin.o(.ctors)
 *(EXCLUDE_FILE(*crtend.o) .ctors)
 *(SORT(.ctors.*))
 *(.ctors)
                0x000036e4                __CTOR_END__ = .

.dtors          0x000036e4        0x0
                0x000036e4                __DTOR_LIST__ = .
 *crtbegin.o(.dtors)
 *(EXCLUDE_FILE(*crtend.o) .dtors)
 *(SORT(.dtors.*))
 *(.dtors)
                0x000036e4                __DTOR_END__ = .

.preinit_array  0x000036e4        0x0
                0x000036e4                PROVIDE (__preinit_array_start, .)
 *(.preinit_array*)
                0x000036e4                PROVIDE (__preinit_array_end, .)

.init_array     0x000036e4        0x0
                0x000036e4                PROVIDE (__init_array_start, .)
 *(SORT(.init_array.*))
 *(.init_array*)
                0x000036e4                PROVIDE (__init_array_end, .)

.fini_array     0x000036e4        0x0
                0x000036e4                PROVIDE (__fini_array_start, .)
 *(SORT(.fini_array.*))
 *(.fini_array*)
                0x000036e4                PROVIDE (__fini_array_end, .)
                0x000036e4                ___ROM_AT = .

.data           0x1fff0000      0x3e0 load address 0x000036e4
                0x1fff0000                . = ALIGN (0x4)
                0x1fff0000                _sdata = .
 *(.data)
 *(.data*)
 .data.UARTN    0x1fff0000       0x18 C:\Users\LouisMo\Documents\GitHub\libk60base\libk60base.a(MK60_uart.o)
                0x1fff0000                UARTN
 .data.PORTX    0x1fff0018       0x14 C:\Users\LouisMo\Documents\GitHub\libk60base\libk60base.a(MK60_port.o)
                0x1fff0018                PORTX
 .data.mcg_div  0x1fff002c        0x4 C:\Users\LouisMo\Documents\GitHub\libk60base\libk60base.a(MK60_mcg.o)
                0x1fff002c                mcg_div
 .data.mcg_cfg  0x1fff0030       0x44 C:\Users\LouisMo\Documents\GitHub\libk60base\libk60base.a(MK60_mcg.o)
                0x1fff0030                mcg_cfg
 .data.GPIOX    0x1fff0074       0x14 C:\Users\LouisMo\Documents\GitHub\libk60base\libk60base.a(MK60_gpio.o)
                0x1fff0074                GPIOX
 .data.FTMN     0x1fff0088        0xc C:\Users\LouisMo\Documents\GitHub\libk60base\libk60base.a(MK60_ftm.o)
                0x1fff0088                FTMN
 .data.impure_data
                0x1fff0094       0x60 C:\gcc-arm-none-eabi-4_8-2013q4-20131204-win32\arm-none-eabi\lib\thumb\libc_s.a(lib_a-impure.o)
 .data._impure_ptr
                0x1fff00f4        0x4 C:\gcc-arm-none-eabi-4_8-2013q4-20131204-win32\arm-none-eabi\lib\thumb\libc_s.a(lib_a-impure.o)
                0x1fff00f4                _impure_ptr
                0x1fff00f8                . = ALIGN (0x4)
                0x1fff00f8                _edata = .
                0x1fff0200                . = ALIGN (0x200)
 *fill*         0x1fff00f8      0x108 
 *(.vectortableram)
 .vectortableram
                0x1fff0200      0x1e0 C:\Users\LouisMo\Documents\GitHub\libk60base\libk60base.a(vectors.o)
                0x1fff0200                __vect_ram
                0x000000f8                ___data_size = (_edata - _sdata)
                0x00003ac4                ___m_data_20000000_ROMStart = (___ROM_AT + SIZEOF (.data))

.igot.plt       0x1fff03e0        0x0 load address 0x00003ac4
 .igot.plt      0x00000000        0x0 src\main.o

.m_data_20000000
                0x20000000       0x48 load address 0x00003ac4
                0x20000000                . = ALIGN (0x4)
                0x20000000                ___m_data_20000000_RAMStart = .
 *(.m_data_20000000)
 .m_data_20000000
                0x20000000       0x48 C:\Users\LouisMo\Documents\GitHub\libk60base\libk60base.a(MK60_mcg.o)
                0x20000000                set_sys_dividers
                0x20000048                ___m_data_20000000_RAMEnd = .
                0x20000048                . = ALIGN (0x4)
                0x00000048                ___m_data_20000000_ROMSize = (___m_data_20000000_RAMEnd - ___m_data_20000000_RAMStart)

.rel.dyn        0x20000048        0x0 load address 0x00003b0c
 .rel.iplt      0x00000000        0x0 src\main.o
                0x20000048                . = ALIGN (0x4)

.bss            0x1fff03e0       0x80 load address 0x00003ac4
                0x1fff03e0                __START_BSS = .
                0x1fff03e0                __bss_start__ = __START_BSS
 *(.bss)
 *(.bss*)
 .bss._ZN10linear_ccd12LinearCcdApp10m_instanceE
                0x1fff03e0        0x4 src\linear_ccd\linear_ccd_app.o
                0x1fff03e0                linear_ccd::LinearCcdApp::m_instance
 .bss._ZN7libutil5Clock4m_msE
                0x1fff03e4        0x2 C:\Users\LouisMo\Documents\GitHub\libsmartcarcpp\libsmartcar-2013.a(clock.o)
                0x1fff03e4                libutil::Clock::m_ms
 *fill*         0x1fff03e6        0x2 
 .bss._ZN5libsc12_GLOBAL__N_116g_uart_instancesE
                0x1fff03e8        0x4 C:\Users\LouisMo\Documents\GitHub\libsmartcarcpp\libsmartcar-2013.a(uart_device.o)
 .bss._ZN5libsc12_GLOBAL__N_115g_uart_listenerE
                0x1fff03ec        0x4 C:\Users\LouisMo\Documents\GitHub\libsmartcarcpp\libsmartcar-2013.a(uart_device.o)
 .bss._ZN5libsc12_GLOBAL__N_17g_countE
                0x1fff03f0        0x4 C:\Users\LouisMo\Documents\GitHub\libsmartcarcpp\libsmartcar-2013.a(encoder.o)
 .bss._ZN5libsc14PortIsrManager10m_instanceE
                0x1fff03f4        0x4 C:\Users\LouisMo\Documents\GitHub\libsmartcarcpp\libsmartcar-2013.a(port_isr_manager.o)
                0x1fff03f4                libsc::PortIsrManager::m_instance
 .bss.__g_fwrite_handler
                0x1fff03f8        0x4 C:\Users\LouisMo\Documents\GitHub\libk60base\libk60base.a(syscall.o)
                0x1fff03f8                __g_fwrite_handler
 .bss.heap_end.8232
                0x1fff03fc        0x4 C:\Users\LouisMo\Documents\GitHub\libk60base\libk60base.a(syscall.o)
 .bss.__S_romp  0x1fff0400        0xc C:\Users\LouisMo\Documents\GitHub\libk60base\libk60base.a(startup.o)
 .bss.argv      0x1fff040c       0x28 C:\Users\LouisMo\Documents\GitHub\libk60base\libk60base.a(startup.o)
 .bss._ZNSs4_Rep20_S_empty_rep_storageE
                0x1fff0434       0x10 C:\gcc-arm-none-eabi-4_8-2013q4-20131204-win32\arm-none-eabi\lib\thumb\libstdc++_s.a(string-inst.o)
                0x1fff0434                std::string::_Rep::_S_empty_rep_storage
 .bss.__new_handler
                0x1fff0444        0x4 C:\gcc-arm-none-eabi-4_8-2013q4-20131204-win32\arm-none-eabi\lib\thumb\libstdc++_s.a(new_handler.o)
                0x1fff0444                __new_handler
 .bss.__malloc_sbrk_start
                0x1fff0448        0x4 C:\gcc-arm-none-eabi-4_8-2013q4-20131204-win32\arm-none-eabi\lib\thumb\libc_s.a(lib_a-nano-mallocr.o)
                0x1fff0448                __malloc_sbrk_start
 .bss.__malloc_free_list
                0x1fff044c        0x4 C:\gcc-arm-none-eabi-4_8-2013q4-20131204-win32\arm-none-eabi\lib\thumb\libc_s.a(lib_a-nano-mallocr.o)
                0x1fff044c                __malloc_free_list
 *(COMMON)
 COMMON         0x1fff0450        0xc C:\Users\LouisMo\Documents\GitHub\libk60base\libk60base.a(system_MK60DZ10.o)
                0x1fff0450                core_clk_mhz
                0x1fff0454                core_clk_khz
                0x1fff0458                bus_clk_khz
 COMMON         0x1fff045c        0x4 C:\gcc-arm-none-eabi-4_8-2013q4-20131204-win32\arm-none-eabi\lib\thumb\libc_s.a(lib_a-reent.o)
                0x1fff045c                errno
                0x1fff0460                . = ALIGN (0x4)
                0x1fff0460                __END_BSS = .
                0x1fff0460                __bss_end__ = __END_BSS

._user_heap_stack
                0x1fff0460      0xe00 load address 0x00003b44
                0x1fff0460                . = ALIGN (0x4)
                0x1fff0460                PROVIDE (end, .)
                0x1fff0460                PROVIDE (_end, .)
                0x1fff0460                __heap_addr = .
                0x1fff0a60                . = (. + __heap_size)
 *fill*         0x1fff0460      0x600 
                0x1fff0a60                __stack_end = .
                0x1fff1260                . = (. + __stack_size)
 *fill*         0x1fff0a60      0x800 
                0x1fff1260                . = ALIGN (0x4)
                0x00003b0c                _romp_at = ((___ROM_AT + SIZEOF (.data)) + SIZEOF (.m_data_20000000))

.romp           0x1fff1260       0x24 load address 0x00003b0c
                0x00003b0c                __S_romp = _romp_at
                0x1fff1260        0x4 LONG 0x36e4 ___ROM_AT
                0x1fff1264        0x4 LONG 0x1fff0000 _sdata
                0x1fff1268        0x4 LONG 0xf8 ___data_size
                0x1fff126c        0x4 LONG 0x3ac4 ___m_data_20000000_ROMStart
                0x1fff1270        0x4 LONG 0x20000000 ___m_data_20000000_RAMStart
                0x1fff1274        0x4 LONG 0x48 ___m_data_20000000_ROMSize
                0x1fff1278        0x4 LONG 0x0
                0x1fff127c        0x4 LONG 0x0
                0x1fff1280        0x4 LONG 0x0

.ARM.attributes
                0x00000000       0x35
 *(.ARM.attributes)
 .ARM.attributes
                0x00000000       0x33 src\main.o
 .ARM.attributes
                0x00000033       0x33 src\magnetic\car.o
 .ARM.attributes
                0x00000066       0x33 src\linear_ccd\linear_ccd_app.o
 .ARM.attributes
                0x00000099       0x33 src\linear_ccd\car.o
 .ARM.attributes
                0x000000cc       0x33 C:\Users\LouisMo\Documents\GitHub\libsmartcarcpp\libsmartcar-2013.a(string.o)
 .ARM.attributes
                0x000000ff       0x33 C:\Users\LouisMo\Documents\GitHub\libsmartcarcpp\libsmartcar-2013.a(clock.o)
 .ARM.attributes
                0x00000132       0x33 C:\Users\LouisMo\Documents\GitHub\libsmartcarcpp\libsmartcar-2013.a(uart_device.o)
 .ARM.attributes
                0x00000165       0x33 C:\Users\LouisMo\Documents\GitHub\libsmartcarcpp\libsmartcar-2013.a(servo.o)
 .ARM.attributes
                0x00000198       0x33 C:\Users\LouisMo\Documents\GitHub\libsmartcarcpp\libsmartcar-2013.a(motor.o)
 .ARM.attributes
                0x000001cb       0x33 C:\Users\LouisMo\Documents\GitHub\libsmartcarcpp\libsmartcar-2013.a(linear_ccd.o)
 .ARM.attributes
                0x000001fe       0x33 C:\Users\LouisMo\Documents\GitHub\libsmartcarcpp\libsmartcar-2013.a(led.o)
 .ARM.attributes
                0x00000231       0x33 C:\Users\LouisMo\Documents\GitHub\libsmartcarcpp\libsmartcar-2013.a(encoder.o)
 .ARM.attributes
                0x00000264       0x33 C:\Users\LouisMo\Documents\GitHub\libsmartcarcpp\libsmartcar-2013.a(bluetooth.o)
 .ARM.attributes
                0x00000297       0x33 C:\Users\LouisMo\Documents\GitHub\libsmartcarcpp\libsmartcar-2013.a(port_isr_manager.o)
 .ARM.attributes
                0x000002ca       0x33 C:\Users\LouisMo\Documents\GitHub\libk60base\libk60base.a(vectors.o)
 .ARM.attributes
                0x000002fd       0x33 C:\Users\LouisMo\Documents\GitHub\libk60base\libk60base.a(system_MK60DZ10.o)
 .ARM.attributes
                0x00000330       0x33 C:\Users\LouisMo\Documents\GitHub\libk60base\libk60base.a(syscall.o)
 .ARM.attributes
                0x00000363       0x33 C:\Users\LouisMo\Documents\GitHub\libk60base\libk60base.a(startup.o)
 .ARM.attributes
                0x00000396       0x33 C:\Users\LouisMo\Documents\GitHub\libk60base\libk60base.a(Cpu.o)
 .ARM.attributes
                0x000003c9       0x33 C:\Users\LouisMo\Documents\GitHub\libk60base\libk60base.a(MK60_uart.o)
 .ARM.attributes
                0x000003fc       0x33 C:\Users\LouisMo\Documents\GitHub\libk60base\libk60base.a(MK60_port.o)
 .ARM.attributes
                0x0000042f       0x33 C:\Users\LouisMo\Documents\GitHub\libk60base\libk60base.a(MK60_pit.o)
 .ARM.attributes
                0x00000462       0x33 C:\Users\LouisMo\Documents\GitHub\libk60base\libk60base.a(MK60_mcg.o)
 .ARM.attributes
                0x00000495       0x33 C:\Users\LouisMo\Documents\GitHub\libk60base\libk60base.a(MK60_gpio.o)
 .ARM.attributes
                0x000004c8       0x33 C:\Users\LouisMo\Documents\GitHub\libk60base\libk60base.a(MK60_ftm.o)
 .ARM.attributes
                0x000004fb       0x30 C:\gcc-arm-none-eabi-4_8-2013q4-20131204-win32\arm-none-eabi\lib\thumb\libstdc++_s.a(new_opv.o)
 .ARM.attributes
                0x0000052b       0x30 C:\gcc-arm-none-eabi-4_8-2013q4-20131204-win32\arm-none-eabi\lib\thumb\libstdc++_s.a(del_op.o)
 .ARM.attributes
                0x0000055b       0x30 C:\gcc-arm-none-eabi-4_8-2013q4-20131204-win32\arm-none-eabi\lib\thumb\libstdc++_s.a(new_op.o)
 .ARM.attributes
                0x0000058b       0x30 C:\gcc-arm-none-eabi-4_8-2013q4-20131204-win32\arm-none-eabi\lib\thumb\libstdc++_s.a(string-inst.o)
 .ARM.attributes
                0x000005bb       0x30 C:\gcc-arm-none-eabi-4_8-2013q4-20131204-win32\arm-none-eabi\lib\thumb\libstdc++_s.a(functexcept.o)
 .ARM.attributes
                0x000005eb       0x30 C:\gcc-arm-none-eabi-4_8-2013q4-20131204-win32\arm-none-eabi\lib\thumb\libstdc++_s.a(new_handler.o)
 .ARM.attributes
                0x0000061b       0x30 C:\gcc-arm-none-eabi-4_8-2013q4-20131204-win32\arm-none-eabi\lib\thumb\libc_s.a(lib_a-abort.o)
 .ARM.attributes
                0x0000064b       0x30 C:\gcc-arm-none-eabi-4_8-2013q4-20131204-win32\arm-none-eabi\lib\thumb\libc_s.a(lib_a-malloc.o)
 .ARM.attributes
                0x0000067b       0x30 C:\gcc-arm-none-eabi-4_8-2013q4-20131204-win32\arm-none-eabi\lib\thumb\libc_s.a(lib_a-memchr-stub.o)
 .ARM.attributes
                0x000006ab       0x30 C:\gcc-arm-none-eabi-4_8-2013q4-20131204-win32\arm-none-eabi\lib\thumb\libc_s.a(lib_a-memcpy-stub.o)
 .ARM.attributes
                0x000006db       0x30 C:\gcc-arm-none-eabi-4_8-2013q4-20131204-win32\arm-none-eabi\lib\thumb\libc_s.a(lib_a-memmove.o)
 .ARM.attributes
                0x0000070b       0x30 C:\gcc-arm-none-eabi-4_8-2013q4-20131204-win32\arm-none-eabi\lib\thumb\libc_s.a(lib_a-memset.o)
 .ARM.attributes
                0x0000073b       0x30 C:\gcc-arm-none-eabi-4_8-2013q4-20131204-win32\arm-none-eabi\lib\thumb\libc_s.a(lib_a-nano-freer.o)
 .ARM.attributes
                0x0000076b       0x30 C:\gcc-arm-none-eabi-4_8-2013q4-20131204-win32\arm-none-eabi\lib\thumb\libc_s.a(lib_a-nano-mallocr.o)
 .ARM.attributes
                0x0000079b       0x30 C:\gcc-arm-none-eabi-4_8-2013q4-20131204-win32\arm-none-eabi\lib\thumb\libc_s.a(lib_a-printf.o)
 .ARM.attributes
                0x000007cb       0x30 C:\gcc-arm-none-eabi-4_8-2013q4-20131204-win32\arm-none-eabi\lib\thumb\libc_s.a(lib_a-reent.o)
 .ARM.attributes
                0x000007fb       0x30 C:\gcc-arm-none-eabi-4_8-2013q4-20131204-win32\arm-none-eabi\lib\thumb\libc_s.a(lib_a-sbrkr.o)
 .ARM.attributes
                0x0000082b       0x30 C:\gcc-arm-none-eabi-4_8-2013q4-20131204-win32\arm-none-eabi\lib\thumb\libc_s.a(lib_a-signal.o)
 .ARM.attributes
                0x0000085b       0x30 C:\gcc-arm-none-eabi-4_8-2013q4-20131204-win32\arm-none-eabi\lib\thumb\libc_s.a(lib_a-signalr.o)
 .ARM.attributes
                0x0000088b       0x30 C:\gcc-arm-none-eabi-4_8-2013q4-20131204-win32\arm-none-eabi\lib\thumb\libc_s.a(lib_a-strlen.o)
 .ARM.attributes
                0x000008bb       0x30 C:\gcc-arm-none-eabi-4_8-2013q4-20131204-win32\arm-none-eabi\lib\thumb\libc_s.a(lib_a-vfprintf.o)
 .ARM.attributes
                0x000008eb       0x30 C:\gcc-arm-none-eabi-4_8-2013q4-20131204-win32\arm-none-eabi\lib\thumb\libc_s.a(lib_a-vfprintf_i.o)
 .ARM.attributes
                0x0000091b       0x30 C:\gcc-arm-none-eabi-4_8-2013q4-20131204-win32\arm-none-eabi\lib\thumb\libc_s.a(lib_a-vsnprintf.o)
 .ARM.attributes
                0x0000094b       0x30 C:\gcc-arm-none-eabi-4_8-2013q4-20131204-win32\arm-none-eabi\lib\thumb\libc_s.a(lib_a-wbuf.o)
 .ARM.attributes
                0x0000097b       0x30 C:\gcc-arm-none-eabi-4_8-2013q4-20131204-win32\arm-none-eabi\lib\thumb\libc_s.a(lib_a-wsetup.o)
 .ARM.attributes
                0x000009ab       0x30 C:\gcc-arm-none-eabi-4_8-2013q4-20131204-win32\arm-none-eabi\lib\thumb\libc_s.a(lib_a-fflush.o)
 .ARM.attributes
                0x000009db       0x30 C:\gcc-arm-none-eabi-4_8-2013q4-20131204-win32\arm-none-eabi\lib\thumb\libc_s.a(lib_a-findfp.o)
 .ARM.attributes
                0x00000a0b       0x30 C:\gcc-arm-none-eabi-4_8-2013q4-20131204-win32\arm-none-eabi\lib\thumb\libc_s.a(lib_a-impure.o)
 .ARM.attributes
                0x00000a3b       0x30 C:\gcc-arm-none-eabi-4_8-2013q4-20131204-win32\arm-none-eabi\lib\thumb\libc_s.a(lib_a-makebuf.o)
 .ARM.attributes
                0x00000a6b       0x30 C:\gcc-arm-none-eabi-4_8-2013q4-20131204-win32\arm-none-eabi\lib\thumb\libc_s.a(lib_a-nano-reallocr.o)
 .ARM.attributes
                0x00000a9b       0x30 C:\gcc-arm-none-eabi-4_8-2013q4-20131204-win32\arm-none-eabi\lib\thumb\libc_s.a(lib_a-stdio.o)
 .ARM.attributes
                0x00000acb       0x30 C:\gcc-arm-none-eabi-4_8-2013q4-20131204-win32\arm-none-eabi\lib\thumb\libc_s.a(lib_a-svfprintf.o)
 .ARM.attributes
                0x00000afb       0x30 C:\gcc-arm-none-eabi-4_8-2013q4-20131204-win32\arm-none-eabi\lib\thumb\libc_s.a(lib_a-writer.o)
 .ARM.attributes
                0x00000b2b       0x30 C:\gcc-arm-none-eabi-4_8-2013q4-20131204-win32\arm-none-eabi\lib\thumb\libc_s.a(lib_a-closer.o)
 .ARM.attributes
                0x00000b5b       0x30 C:\gcc-arm-none-eabi-4_8-2013q4-20131204-win32\arm-none-eabi\lib\thumb\libc_s.a(lib_a-fstatr.o)
 .ARM.attributes
                0x00000b8b       0x30 C:\gcc-arm-none-eabi-4_8-2013q4-20131204-win32\arm-none-eabi\lib\thumb\libc_s.a(lib_a-isattyr.o)
 .ARM.attributes
                0x00000bbb       0x30 C:\gcc-arm-none-eabi-4_8-2013q4-20131204-win32\arm-none-eabi\lib\thumb\libc_s.a(lib_a-lseekr.o)
 .ARM.attributes
                0x00000beb       0x30 C:\gcc-arm-none-eabi-4_8-2013q4-20131204-win32\arm-none-eabi\lib\thumb\libc_s.a(lib_a-nano-msizer.o)
 .ARM.attributes
                0x00000c1b       0x30 C:\gcc-arm-none-eabi-4_8-2013q4-20131204-win32\arm-none-eabi\lib\thumb\libc_s.a(lib_a-readr.o)
 .ARM.attributes
                0x00000c4b       0x1d C:\gcc-arm-none-eabi-4_8-2013q4-20131204-win32\lib\gcc\arm-none-eabi\4.8.3\armv7-m\libgcc.a(_udivsi3.o)
 .ARM.attributes
                0x00000c68       0x1d C:\gcc-arm-none-eabi-4_8-2013q4-20131204-win32\lib\gcc\arm-none-eabi\4.8.3\armv7-m\libgcc.a(_dvmd_tls.o)
 .ARM.attributes
                0x00000c85       0x1d C:\gcc-arm-none-eabi-4_8-2013q4-20131204-win32\lib\gcc\arm-none-eabi\4.8.3\armv7-m\libgcc.a(_arm_addsubsf3.o)
 .ARM.attributes
                0x00000ca2       0x1d C:\gcc-arm-none-eabi-4_8-2013q4-20131204-win32\lib\gcc\arm-none-eabi\4.8.3\armv7-m\libgcc.a(_arm_muldivsf3.o)
 .ARM.attributes
                0x00000cbf       0x1d C:\gcc-arm-none-eabi-4_8-2013q4-20131204-win32\lib\gcc\arm-none-eabi\4.8.3\armv7-m\libgcc.a(_arm_fixunssfsi.o)
OUTPUT(app.elf elf32-littlearm)

.debug_info     0x00000000     0x745f
 .debug_info    0x00000000      0xfe2 src\main.o
 .debug_info    0x00000fe2      0x61f src\magnetic\car.o
 .debug_info    0x00001601     0x2c29 src\linear_ccd\linear_ccd_app.o
 .debug_info    0x0000422a     0x3235 src\linear_ccd\car.o

.debug_abbrev   0x00000000     0x1301
 .debug_abbrev  0x00000000      0x3e0 src\main.o
 .debug_abbrev  0x000003e0      0x200 src\magnetic\car.o
 .debug_abbrev  0x000005e0      0x6b5 src\linear_ccd\linear_ccd_app.o
 .debug_abbrev  0x00000c95      0x66c src\linear_ccd\car.o

.debug_aranges  0x00000000      0x1c8
 .debug_aranges
                0x00000000       0x20 src\main.o
 .debug_aranges
                0x00000020       0x28 src\magnetic\car.o
 .debug_aranges
                0x00000048       0xc8 src\linear_ccd\linear_ccd_app.o
 .debug_aranges
                0x00000110       0xb8 src\linear_ccd\car.o

.debug_ranges   0x00000000      0x188
 .debug_ranges  0x00000000       0x10 src\main.o
 .debug_ranges  0x00000010       0x18 src\magnetic\car.o
 .debug_ranges  0x00000028       0xb8 src\linear_ccd\linear_ccd_app.o
 .debug_ranges  0x000000e0       0xa8 src\linear_ccd\car.o

.debug_macro    0x00000000     0x3091
 .debug_macro   0x00000000      0x1d5 src\main.o
 .debug_macro   0x000001d5      0x87a src\main.o
 .debug_macro   0x00000a4f       0xef src\main.o
 .debug_macro   0x00000b3e      0x329 src\main.o
 .debug_macro   0x00000e67       0x1c src\main.o
 .debug_macro   0x00000e83       0x52 src\main.o
 .debug_macro   0x00000ed5       0x16 src\main.o
 .debug_macro   0x00000eeb       0x35 src\main.o
 .debug_macro   0x00000f20       0xa3 src\main.o
 .debug_macro   0x00000fc3      0x20e src\main.o
 .debug_macro   0x000011d1       0x16 src\main.o
 .debug_macro   0x000011e7       0x16 src\main.o
 .debug_macro   0x000011fd       0x97 src\main.o
 .debug_macro   0x00001294       0x10 src\main.o
 .debug_macro   0x000012a4       0xfd src\main.o
 .debug_macro   0x000013a1       0x3a src\main.o
 .debug_macro   0x000013db       0x52 src\main.o
 .debug_macro   0x0000142d       0x16 src\main.o
 .debug_macro   0x00001443       0x43 src\main.o
 .debug_macro   0x00001486      0x180 src\main.o
 .debug_macro   0x00001606       0x10 src\main.o
 .debug_macro   0x00001616       0x22 src\main.o
 .debug_macro   0x00001638       0xbd src\main.o
 .debug_macro   0x000016f5       0x16 src\main.o
 .debug_macro   0x0000170b      0x16c src\main.o
 .debug_macro   0x00001877       0x22 src\main.o
 .debug_macro   0x00001899       0x12 src\main.o
 .debug_macro   0x000018ab       0x11 src\main.o
 .debug_macro   0x000018bc      0x17c src\magnetic\car.o
 .debug_macro   0x00001a38      0x523 src\linear_ccd\linear_ccd_app.o
 .debug_macro   0x00001f5b       0x52 src\linear_ccd\linear_ccd_app.o
 .debug_macro   0x00001fad       0x1c src\linear_ccd\linear_ccd_app.o
 .debug_macro   0x00001fc9       0x6e src\linear_ccd\linear_ccd_app.o
 .debug_macro   0x00002037       0x28 src\linear_ccd\linear_ccd_app.o
 .debug_macro   0x0000205f       0x12 src\linear_ccd\linear_ccd_app.o
 .debug_macro   0x00002071       0x82 src\linear_ccd\linear_ccd_app.o
 .debug_macro   0x000020f3       0x18 src\linear_ccd\linear_ccd_app.o
 .debug_macro   0x0000210b       0x12 src\linear_ccd\linear_ccd_app.o
 .debug_macro   0x0000211d       0x46 src\linear_ccd\linear_ccd_app.o
 .debug_macro   0x00002163       0x11 src\linear_ccd\linear_ccd_app.o
 .debug_macro   0x00002174       0x22 src\linear_ccd\linear_ccd_app.o
 .debug_macro   0x00002196       0x3c src\linear_ccd\linear_ccd_app.o
 .debug_macro   0x000021d2       0x32 src\linear_ccd\linear_ccd_app.o
 .debug_macro   0x00002204      0x15e src\linear_ccd\linear_ccd_app.o
 .debug_macro   0x00002362       0x11 src\linear_ccd\linear_ccd_app.o
 .debug_macro   0x00002373       0x2f src\linear_ccd\linear_ccd_app.o
 .debug_macro   0x000023a2       0x10 src\linear_ccd\linear_ccd_app.o
 .debug_macro   0x000023b2       0x10 src\linear_ccd\linear_ccd_app.o
 .debug_macro   0x000023c2       0x35 src\linear_ccd\linear_ccd_app.o
 .debug_macro   0x000023f7       0x2e src\linear_ccd\linear_ccd_app.o
 .debug_macro   0x00002425       0x16 src\linear_ccd\linear_ccd_app.o
 .debug_macro   0x0000243b       0x52 src\linear_ccd\linear_ccd_app.o
 .debug_macro   0x0000248d       0x5e src\linear_ccd\linear_ccd_app.o
 .debug_macro   0x000024eb       0x16 src\linear_ccd\linear_ccd_app.o
 .debug_macro   0x00002501      0x5a2 src\linear_ccd\car.o
 .debug_macro   0x00002aa3       0x16 src\linear_ccd\car.o
 .debug_macro   0x00002ab9       0x16 src\linear_ccd\car.o
 .debug_macro   0x00002acf       0x29 src\linear_ccd\car.o
 .debug_macro   0x00002af8       0xac src\linear_ccd\car.o
 .debug_macro   0x00002ba4      0x1da src\linear_ccd\car.o
 .debug_macro   0x00002d7e       0xee src\linear_ccd\car.o
 .debug_macro   0x00002e6c      0x100 src\linear_ccd\car.o
 .debug_macro   0x00002f6c       0x2c src\linear_ccd\car.o
 .debug_macro   0x00002f98       0x10 src\linear_ccd\car.o
 .debug_macro   0x00002fa8       0xd9 src\linear_ccd\car.o
 .debug_macro   0x00003081       0x10 src\linear_ccd\car.o

.debug_line     0x00000000     0x233c
 .debug_line    0x00000000      0x512 src\main.o
 .debug_line    0x00000512      0x458 src\magnetic\car.o
 .debug_line    0x0000096a      0xd00 src\linear_ccd\linear_ccd_app.o
 .debug_line    0x0000166a      0xcd2 src\linear_ccd\car.o

.debug_str      0x00000000     0xaed9
 .debug_str     0x00000000     0x6da3 src\main.o
                               0x70ae (size before relaxing)
 .debug_str     0x00006da3      0x207 src\magnetic\car.o
                               0x66c1 (size before relaxing)
 .debug_str     0x00006faa     0x2631 src\linear_ccd\linear_ccd_app.o
                               0x99ad (size before relaxing)
 .debug_str     0x000095db     0x18fe src\linear_ccd\car.o
                               0xa8e0 (size before relaxing)

.comment        0x00000000       0x70
 .comment       0x00000000       0x70 src\main.o
                                 0x71 (size before relaxing)
 .comment       0x00000000       0x71 src\magnetic\car.o
 .comment       0x00000000       0x71 src\linear_ccd\linear_ccd_app.o
 .comment       0x00000000       0x71 src\linear_ccd\car.o
 .comment       0x00000000       0x71 C:\Users\LouisMo\Documents\GitHub\libsmartcarcpp\libsmartcar-2013.a(string.o)
 .comment       0x00000000       0x71 C:\Users\LouisMo\Documents\GitHub\libsmartcarcpp\libsmartcar-2013.a(clock.o)
 .comment       0x00000000       0x71 C:\Users\LouisMo\Documents\GitHub\libsmartcarcpp\libsmartcar-2013.a(uart_device.o)
 .comment       0x00000000       0x71 C:\Users\LouisMo\Documents\GitHub\libsmartcarcpp\libsmartcar-2013.a(servo.o)
 .comment       0x00000000       0x71 C:\Users\LouisMo\Documents\GitHub\libsmartcarcpp\libsmartcar-2013.a(motor.o)
 .comment       0x00000000       0x71 C:\Users\LouisMo\Documents\GitHub\libsmartcarcpp\libsmartcar-2013.a(linear_ccd.o)
 .comment       0x00000000       0x71 C:\Users\LouisMo\Documents\GitHub\libsmartcarcpp\libsmartcar-2013.a(led.o)
 .comment       0x00000000       0x71 C:\Users\LouisMo\Documents\GitHub\libsmartcarcpp\libsmartcar-2013.a(encoder.o)
 .comment       0x00000000       0x71 C:\Users\LouisMo\Documents\GitHub\libsmartcarcpp\libsmartcar-2013.a(bluetooth.o)
 .comment       0x00000000       0x71 C:\Users\LouisMo\Documents\GitHub\libsmartcarcpp\libsmartcar-2013.a(port_isr_manager.o)
 .comment       0x00000000       0x71 C:\Users\LouisMo\Documents\GitHub\libk60base\libk60base.a(vectors.o)
 .comment       0x00000000       0x71 C:\Users\LouisMo\Documents\GitHub\libk60base\libk60base.a(system_MK60DZ10.o)
 .comment       0x00000000       0x71 C:\Users\LouisMo\Documents\GitHub\libk60base\libk60base.a(syscall.o)
 .comment       0x00000000       0x71 C:\Users\LouisMo\Documents\GitHub\libk60base\libk60base.a(startup.o)
 .comment       0x00000000       0x71 C:\Users\LouisMo\Documents\GitHub\libk60base\libk60base.a(Cpu.o)
 .comment       0x00000000       0x71 C:\Users\LouisMo\Documents\GitHub\libk60base\libk60base.a(MK60_uart.o)
 .comment       0x00000000       0x71 C:\Users\LouisMo\Documents\GitHub\libk60base\libk60base.a(MK60_port.o)
 .comment       0x00000000       0x71 C:\Users\LouisMo\Documents\GitHub\libk60base\libk60base.a(MK60_pit.o)
 .comment       0x00000000       0x71 C:\Users\LouisMo\Documents\GitHub\libk60base\libk60base.a(MK60_mcg.o)
 .comment       0x00000000       0x71 C:\Users\LouisMo\Documents\GitHub\libk60base\libk60base.a(MK60_gpio.o)
 .comment       0x00000000       0x71 C:\Users\LouisMo\Documents\GitHub\libk60base\libk60base.a(MK60_ftm.o)

.debug_frame    0x00000000     0x2310
 .debug_frame   0x00000000       0x30 src\main.o
 .debug_frame   0x00000030       0x50 src\magnetic\car.o
 .debug_frame   0x00000080      0x2b8 src\linear_ccd\linear_ccd_app.o
 .debug_frame   0x00000338      0x278 src\linear_ccd\car.o
 .debug_frame   0x000005b0       0x28 C:\gcc-arm-none-eabi-4_8-2013q4-20131204-win32\arm-none-eabi\lib\thumb\libstdc++_s.a(new_opv.o)
 .debug_frame   0x000005d8       0x28 C:\gcc-arm-none-eabi-4_8-2013q4-20131204-win32\arm-none-eabi\lib\thumb\libstdc++_s.a(del_op.o)
 .debug_frame   0x00000600       0x28 C:\gcc-arm-none-eabi-4_8-2013q4-20131204-win32\arm-none-eabi\lib\thumb\libstdc++_s.a(new_op.o)
 .debug_frame   0x00000628     0x11a0 C:\gcc-arm-none-eabi-4_8-2013q4-20131204-win32\arm-none-eabi\lib\thumb\libstdc++_s.a(string-inst.o)
 .debug_frame   0x000017c8      0x1c0 C:\gcc-arm-none-eabi-4_8-2013q4-20131204-win32\arm-none-eabi\lib\thumb\libstdc++_s.a(functexcept.o)
 .debug_frame   0x00001988       0x20 C:\gcc-arm-none-eabi-4_8-2013q4-20131204-win32\arm-none-eabi\lib\thumb\libstdc++_s.a(new_handler.o)
 .debug_frame   0x000019a8       0x28 C:\gcc-arm-none-eabi-4_8-2013q4-20131204-win32\arm-none-eabi\lib\thumb\libc_s.a(lib_a-abort.o)
 .debug_frame   0x000019d0       0x40 C:\gcc-arm-none-eabi-4_8-2013q4-20131204-win32\arm-none-eabi\lib\thumb\libc_s.a(lib_a-malloc.o)
 .debug_frame   0x00001a10       0x20 C:\gcc-arm-none-eabi-4_8-2013q4-20131204-win32\arm-none-eabi\lib\thumb\libc_s.a(lib_a-memchr-stub.o)
 .debug_frame   0x00001a30       0x28 C:\gcc-arm-none-eabi-4_8-2013q4-20131204-win32\arm-none-eabi\lib\thumb\libc_s.a(lib_a-memcpy-stub.o)
 .debug_frame   0x00001a58       0x2c C:\gcc-arm-none-eabi-4_8-2013q4-20131204-win32\arm-none-eabi\lib\thumb\libc_s.a(lib_a-memmove.o)
 .debug_frame   0x00001a84       0x20 C:\gcc-arm-none-eabi-4_8-2013q4-20131204-win32\arm-none-eabi\lib\thumb\libc_s.a(lib_a-memset.o)
 .debug_frame   0x00001aa4       0x2c C:\gcc-arm-none-eabi-4_8-2013q4-20131204-win32\arm-none-eabi\lib\thumb\libc_s.a(lib_a-nano-freer.o)
 .debug_frame   0x00001ad0       0x2c C:\gcc-arm-none-eabi-4_8-2013q4-20131204-win32\arm-none-eabi\lib\thumb\libc_s.a(lib_a-nano-mallocr.o)
 .debug_frame   0x00001afc       0x50 C:\gcc-arm-none-eabi-4_8-2013q4-20131204-win32\arm-none-eabi\lib\thumb\libc_s.a(lib_a-printf.o)
 .debug_frame   0x00001b4c       0x48 C:\gcc-arm-none-eabi-4_8-2013q4-20131204-win32\arm-none-eabi\lib\thumb\libc_s.a(lib_a-reent.o)
 .debug_frame   0x00001b94       0x2c C:\gcc-arm-none-eabi-4_8-2013q4-20131204-win32\arm-none-eabi\lib\thumb\libc_s.a(lib_a-sbrkr.o)
 .debug_frame   0x00001bc0       0xe0 C:\gcc-arm-none-eabi-4_8-2013q4-20131204-win32\arm-none-eabi\lib\thumb\libc_s.a(lib_a-signal.o)
 .debug_frame   0x00001ca0       0x44 C:\gcc-arm-none-eabi-4_8-2013q4-20131204-win32\arm-none-eabi\lib\thumb\libc_s.a(lib_a-signalr.o)
 .debug_frame   0x00001ce4       0x20 C:\gcc-arm-none-eabi-4_8-2013q4-20131204-win32\arm-none-eabi\lib\thumb\libc_s.a(lib_a-strlen.o)
 .debug_frame   0x00001d04       0xa0 C:\gcc-arm-none-eabi-4_8-2013q4-20131204-win32\arm-none-eabi\lib\thumb\libc_s.a(lib_a-vfprintf.o)
 .debug_frame   0x00001da4       0x54 C:\gcc-arm-none-eabi-4_8-2013q4-20131204-win32\arm-none-eabi\lib\thumb\libc_s.a(lib_a-vfprintf_i.o)
 .debug_frame   0x00001df8       0x4c C:\gcc-arm-none-eabi-4_8-2013q4-20131204-win32\arm-none-eabi\lib\thumb\libc_s.a(lib_a-vsnprintf.o)
 .debug_frame   0x00001e44       0x44 C:\gcc-arm-none-eabi-4_8-2013q4-20131204-win32\arm-none-eabi\lib\thumb\libc_s.a(lib_a-wbuf.o)
 .debug_frame   0x00001e88       0x2c C:\gcc-arm-none-eabi-4_8-2013q4-20131204-win32\arm-none-eabi\lib\thumb\libc_s.a(lib_a-wsetup.o)
 .debug_frame   0x00001eb4       0x68 C:\gcc-arm-none-eabi-4_8-2013q4-20131204-win32\arm-none-eabi\lib\thumb\libc_s.a(lib_a-fflush.o)
 .debug_frame   0x00001f1c      0x148 C:\gcc-arm-none-eabi-4_8-2013q4-20131204-win32\arm-none-eabi\lib\thumb\libc_s.a(lib_a-findfp.o)
 .debug_frame   0x00002064       0x30 C:\gcc-arm-none-eabi-4_8-2013q4-20131204-win32\arm-none-eabi\lib\thumb\libc_s.a(lib_a-makebuf.o)
 .debug_frame   0x00002094       0x30 C:\gcc-arm-none-eabi-4_8-2013q4-20131204-win32\arm-none-eabi\lib\thumb\libc_s.a(lib_a-nano-reallocr.o)
 .debug_frame   0x000020c4       0x90 C:\gcc-arm-none-eabi-4_8-2013q4-20131204-win32\arm-none-eabi\lib\thumb\libc_s.a(lib_a-stdio.o)
 .debug_frame   0x00002154       0x74 C:\gcc-arm-none-eabi-4_8-2013q4-20131204-win32\arm-none-eabi\lib\thumb\libc_s.a(lib_a-svfprintf.o)
 .debug_frame   0x000021c8       0x2c C:\gcc-arm-none-eabi-4_8-2013q4-20131204-win32\arm-none-eabi\lib\thumb\libc_s.a(lib_a-writer.o)
 .debug_frame   0x000021f4       0x2c C:\gcc-arm-none-eabi-4_8-2013q4-20131204-win32\arm-none-eabi\lib\thumb\libc_s.a(lib_a-closer.o)
 .debug_frame   0x00002220       0x2c C:\gcc-arm-none-eabi-4_8-2013q4-20131204-win32\arm-none-eabi\lib\thumb\libc_s.a(lib_a-fstatr.o)
 .debug_frame   0x0000224c       0x2c C:\gcc-arm-none-eabi-4_8-2013q4-20131204-win32\arm-none-eabi\lib\thumb\libc_s.a(lib_a-isattyr.o)
 .debug_frame   0x00002278       0x2c C:\gcc-arm-none-eabi-4_8-2013q4-20131204-win32\arm-none-eabi\lib\thumb\libc_s.a(lib_a-lseekr.o)
 .debug_frame   0x000022a4       0x20 C:\gcc-arm-none-eabi-4_8-2013q4-20131204-win32\arm-none-eabi\lib\thumb\libc_s.a(lib_a-nano-msizer.o)
 .debug_frame   0x000022c4       0x2c C:\gcc-arm-none-eabi-4_8-2013q4-20131204-win32\arm-none-eabi\lib\thumb\libc_s.a(lib_a-readr.o)
 .debug_frame   0x000022f0       0x20 C:\gcc-arm-none-eabi-4_8-2013q4-20131204-win32\lib\gcc\arm-none-eabi\4.8.3\armv7-m\libgcc.a(_udivsi3.o)
